// Jest Snapshot v1, https://goo.gl/fbAQLP

exports[`App snapshot test 1`] = `
<div
  id="App"
>
  <nav
    className="navbar navbar-expand-lg navbar-light bg-light fixed-true"
  >
    <div
      className="container"
    >
      <a
        className="navbar-brand"
        href="#"
        style={
          Object {
            "letterSpacing": "0.71rem",
            "margin": "0 auto",
            "textTransform": "uppercase",
          }
        }
      >
        <span>
          Cafe
        </span>
        <span
          style={
            Object {
              "marginLeft": "10%",
            }
          }
        >
          Masa
        </span>
      </a>
    </div>
  </nav>
  <div
    className="mt-5"
    id="App-body"
  >
    <div
      className="container"
    >
      Application...
      <div
        className="row"
      >
        <div
          className="col-lg-4 col-md-4 col-sm-6 col-xs-12"
        >
          <div
            className="col-lg-12 col-md-12 col-sm-12 col-xs-12"
          >
            <div
              className="card"
            >
              <div
                className="card-body"
              >
                <h5
                  className="card-title"
                >
                  <strong>
                    Firstname
                  </strong>
                   Lastname
                </h5>
              </div>
            </div>
            <div
              className="card"
            >
              <div
                className="card-body"
              >
                <h5
                  className="card-title"
                >
                  <strong>
                    Firstname
                  </strong>
                   Lastname
                </h5>
              </div>
            </div>
            <div
              className="card"
            >
              <div
                className="card-body"
              >
                <h5
                  className="card-title"
                >
                  <strong>
                    Firstname
                  </strong>
                   Lastname
                </h5>
              </div>
            </div>
            <div
              className="card"
            >
              <div
                className="card-body"
              >
                <h5
                  className="card-title"
                >
                  <strong>
                    Firstname
                  </strong>
                   Lastname
                </h5>
              </div>
            </div>
            <div
              className="card"
            >
              <div
                className="card-body"
              >
                <h5
                  className="card-title"
                >
                  <strong>
                    Firstname
                  </strong>
                   Lastname
                </h5>
              </div>
            </div>
            <div
              className="card"
            >
              <div
                className="card-body"
              >
                <h5
                  className="card-title"
                >
                  <strong>
                    Firstname
                  </strong>
                   Lastname
                </h5>
              </div>
            </div>
            <div
              className="card"
            >
              <div
                className="card-body"
              >
                <h5
                  className="card-title"
                >
                  <strong>
                    Firstname
                  </strong>
                   Lastname
                </h5>
              </div>
            </div>
            <div
              className="card"
            >
              <div
                className="card-body"
              >
                <h5
                  className="card-title"
                >
                  <strong>
                    Firstname
                  </strong>
                   Lastname
                </h5>
              </div>
            </div>
            <div
              className="card"
            >
              <div
                className="card-body"
              >
                <h5
                  className="card-title"
                >
                  <strong>
                    Firstname
                  </strong>
                   Lastname
                </h5>
              </div>
            </div>
            <div
              className="card"
            >
              <div
                className="card-body"
              >
                <h5
                  className="card-title"
                >
                  <strong>
                    Firstname
                  </strong>
                   Lastname
                </h5>
              </div>
            </div>
            <div
              className="card"
            >
              <div
                className="card-body"
              >
                <h5
                  className="card-title"
                >
                  <strong>
                    Firstname
                  </strong>
                   Lastname
                </h5>
              </div>
            </div>
            <div
              className="card"
            >
              <div
                className="card-body"
              >
                <h5
                  className="card-title"
                >
                  <strong>
                    Firstname
                  </strong>
                   Lastname
                </h5>
              </div>
            </div>
            <div
              className="card"
            >
              <div
                className="card-body"
              >
                <h5
                  className="card-title"
                >
                  <strong>
                    Firstname
                  </strong>
                   Lastname
                </h5>
              </div>
            </div>
            <div
              className="card"
            >
              <div
                className="card-body"
              >
                <h5
                  className="card-title"
                >
                  <strong>
                    Firstname
                  </strong>
                   Lastname
                </h5>
              </div>
            </div>
            <div
              className="card"
            >
              <div
                className="card-body"
              >
                <h5
                  className="card-title"
                >
                  <strong>
                    Firstname
                  </strong>
                   Lastname
                </h5>
              </div>
            </div>
            <div
              className="card"
            >
              <div
                className="card-body"
              >
                <h5
                  className="card-title"
                >
                  <strong>
                    Firstname
                  </strong>
                   Lastname
                </h5>
              </div>
            </div>
            <div
              className="card"
            >
              <div
                className="card-body"
              >
                <h5
                  className="card-title"
                >
                  <strong>
                    Firstname
                  </strong>
                   Lastname
                </h5>
              </div>
            </div>
            <div
              className="card"
            >
              <div
                className="card-body"
              >
                <h5
                  className="card-title"
                >
                  <strong>
                    Firstname
                  </strong>
                   Lastname
                </h5>
              </div>
            </div>
            <div
              className="card"
            >
              <div
                className="card-body"
              >
                <h5
                  className="card-title"
                >
                  <strong>
                    Firstname
                  </strong>
                   Lastname
                </h5>
              </div>
            </div>
            <div
              className="card"
            >
              <div
                className="card-body"
              >
                <h5
                  className="card-title"
                >
                  <strong>
                    Firstname
                  </strong>
                   Lastname
                </h5>
              </div>
            </div>
            <div
              className="card"
            >
              <div
                className="card-body"
              >
                <h5
                  className="card-title"
                >
                  <strong>
                    Firstname
                  </strong>
                   Lastname
                </h5>
              </div>
            </div>
            <div
              className="card"
            >
              <div
                className="card-body"
              >
                <h5
                  className="card-title"
                >
                  <strong>
                    Firstname
                  </strong>
                   Lastname
                </h5>
              </div>
            </div>
            <div
              className="card"
            >
              <div
                className="card-body"
              >
                <h5
                  className="card-title"
                >
                  <strong>
                    Firstname
                  </strong>
                   Lastname
                </h5>
              </div>
            </div>
            <div
              className="card"
            >
              <div
                className="card-body"
              >
                <h5
                  className="card-title"
                >
                  <strong>
                    Firstname
                  </strong>
                   Lastname
                </h5>
              </div>
            </div>
            <div
              className="card"
            >
              <div
                className="card-body"
              >
                <h5
                  className="card-title"
                >
                  <strong>
                    Firstname
                  </strong>
                   Lastname
                </h5>
              </div>
            </div>
          </div>
        </div>
      </div>
    </div>
  </div>
</div>
`;
