// Jest Snapshot v1, https://goo.gl/fbAQLP

exports[`App snapshot test 1`] = `
<div
  id="App"
>
  <nav
    className="navbar navbar-expand-lg navbar-dark bg-dark fixed-top"
  >
    <div
      className="container"
    >
      <a
        className="header navbar-brand"
        href="#"
      >
        <span>
          Cafe
        </span>
        <span
          style={
            Object {
              "marginLeft": "10%",
            }
          }
        >
          Masa
        </span>
      </a>
    </div>
  </nav>
  <div
    id="App-body"
    style={
      Object {
        "marginTop": "6rem",
      }
    }
  >
    <div
      className="container"
    >
      <div
        className="mb-5"
      >
        <h2>
          Guest Information
        </h2>
        <p
          className="helper-text"
        >
          Last updated: 
          <span
            className="font-italic"
          >
            9/11/2018
          </span>
        </p>
      </div>
      <div
        className="mb-3 row"
      >
        <div
          className="col-lg-6 col-12"
        >
          <div
            className="custom-control custom-switch"
          >
            <input
              className="custom-control-input"
              id="toggleMarketingAllowedSwitch"
              onChange={[Function]}
              readOnly={true}
              type="checkbox"
            />
            <label
              className="custom-control-label"
              htmlFor="toggleMarketingAllowedSwitch"
            >
              Filter Marketing Allowed
            </label>
          </div>
          <p
            className="helper-text"
          >
            Showing 
            25
             results
          </p>
        </div>
        <div
          className="col-lg-6 col-12"
        >
          <div
            className="dropdown-container row"
          >
            <div
              className="masa-dropdown dropdown"
              onKeyDown={[Function]}
            >
              <button
                aria-expanded={false}
                aria-haspopup={true}
                className="dropdown-toggle btn btn-primary"
                disabled={false}
                id="dropdown-factor"
                onClick={[Function]}
                type="button"
              >
                Sort By: Visit Count
              </button>
            </div>
            <div
              className="masa-dropdown dropdown"
              onKeyDown={[Function]}
            >
              <button
                aria-expanded={false}
                aria-haspopup={true}
                className="dropdown-toggle btn btn-primary"
                disabled={false}
                id="dropdown-order"
                onClick={[Function]}
                type="button"
              >
                Order By: Descending
              </button>
            </div>
          </div>
        </div>
      </div>
      <div
        className="row"
      >
        <div
          className="mb-3 col-lg-4 col-md-6 col-sm-12 col-12"
        >
          <div
            className="card"
          >
            <div
              className="card-body"
            >
              <div
                className="card-title h5"
              >
                <strong
                  className="mr-1"
                >
                  Zitella
                </strong>
                Alfonso
              </div>
              <table
                className="guest-info-table"
              >
                <tbody>
                  <col
                    width="40%"
                  />
                   
                  <col
                    width="60%"
                  />
                  <tr>
                    <td>
                      Email
                    </td>
                    <td
                      className="pl-2"
                    >
                      zalfonso9@paginegialle.it
                    </td>
                  </tr>
                  <tr>
                    <td>
                      City
                    </td>
                    <td
                      className="pl-2"
                    >
                      Podsineye
                    </td>
                  </tr>
                  <tr>
                    <td>
                      Visit count
                    </td>
                    <td
                      className="pl-2"
                    >
                      24
                    </td>
                  </tr>
                  <tr>
                    <td>
                      Total spend
                    </td>
                    <td
                      className="pl-2"
                    >
                      162.43
                    </td>
                  </tr>
                </tbody>
              </table>
              <ul
                className="tags-list"
              />
            </div>
          </div>
        </div>
        <div
          className="mb-3 col-lg-4 col-md-6 col-sm-12 col-12"
        >
          <div
            className="card"
          >
            <div
              className="card-body"
            >
              <div
                className="card-title h5"
              >
                <strong
                  className="mr-1"
                >
                  Lilias
                </strong>
                Pace
              </div>
              <table
                className="guest-info-table"
              >
                <tbody>
                  <col
                    width="40%"
                  />
                   
                  <col
                    width="60%"
                  />
                  <tr>
                    <td>
                      Email
                    </td>
                    <td
                      className="pl-2"
                    >
                      lpace1@toplist.cz
                    </td>
                  </tr>
                  <tr>
                    <td>
                      City
                    </td>
                    <td
                      className="pl-2"
                    >
                      Krasnyye Chetai
                    </td>
                  </tr>
                  <tr>
                    <td>
                      Visit count
                    </td>
                    <td
                      className="pl-2"
                    >
                      22
                    </td>
                  </tr>
                  <tr>
                    <td>
                      Total spend
                    </td>
                    <td
                      className="pl-2"
                    >
                      138.03
                    </td>
                  </tr>
                  <tr>
                    <td>
                      Allow marketing
                    </td>
                    <td
                      className="pl-2"
                    >
                      true
                    </td>
                  </tr>
                </tbody>
              </table>
              <ul
                className="tags-list"
              >
                <li
                  className="tag"
                >
                  protocol
                </li>
                <li
                  className="tag"
                >
                  Compatible
                </li>
                <li
                  className="tag"
                >
                  Cloned
                </li>
                <li
                  className="tag"
                >
                  frame
                </li>
              </ul>
            </div>
          </div>
        </div>
        <div
          className="mb-3 col-lg-4 col-md-6 col-sm-12 col-12"
        >
          <div
            className="card"
          >
            <div
              className="card-body"
            >
              <div
                className="card-title h5"
              >
                <strong
                  className="mr-1"
                >
                  Claudine
                </strong>
                Osgardby
              </div>
              <table
                className="guest-info-table"
              >
                <tbody>
                  <col
                    width="40%"
                  />
                   
                  <col
                    width="60%"
                  />
                  <tr>
                    <td>
                      Email
                    </td>
                    <td
                      className="pl-2"
                    >
                      cosgardbyd@smh.com.au
                    </td>
                  </tr>
                  <tr>
                    <td>
                      City
                    </td>
                    <td
                      className="pl-2"
                    >
                      Xiashe
                    </td>
                  </tr>
                  <tr>
                    <td>
                      Visit count
                    </td>
                    <td
                      className="pl-2"
                    >
                      20
                    </td>
                  </tr>
                  <tr>
                    <td>
                      Total spend
                    </td>
                    <td
                      className="pl-2"
                    >
                      73.16
                    </td>
                  </tr>
                </tbody>
              </table>
              <ul
                className="tags-list"
              >
                <li
                  className="tag"
                >
                  Re-contextualized
                </li>
                <li
                  className="tag"
                >
                  database
                </li>
                <li
                  className="tag"
                >
                  Pre-emptive
                </li>
                <li
                  className="tag"
                >
                  projection
                </li>
                <li
                  className="tag"
                >
                  Robust
                </li>
              </ul>
            </div>
          </div>
        </div>
        <div
          className="mb-3 col-lg-4 col-md-6 col-sm-12 col-12"
        >
          <div
            className="card"
          >
            <div
              className="card-body"
            >
              <div
                className="card-title h5"
              >
                <strong
                  className="mr-1"
                >
                  Bronnie
                </strong>
                Bargery
              </div>
              <table
                className="guest-info-table"
              >
                <tbody>
                  <col
                    width="40%"
                  />
                   
                  <col
                    width="60%"
                  />
                  <tr>
                    <td>
                      Email
                    </td>
                    <td
                      className="pl-2"
                    >
                      bbargeryf@dailymail.co.uk
                    </td>
                  </tr>
                  <tr>
                    <td>
                      City
                    </td>
                    <td
                      className="pl-2"
                    >
                      Göteborg
                    </td>
                  </tr>
                  <tr>
                    <td>
                      Visit count
                    </td>
                    <td
                      className="pl-2"
                    >
                      18
                    </td>
                  </tr>
                  <tr>
                    <td>
                      Total spend
                    </td>
                    <td
                      className="pl-2"
                    >
                      123.77
                    </td>
                  </tr>
                  <tr>
                    <td>
                      Allow marketing
                    </td>
                    <td
                      className="pl-2"
                    >
                      true
                    </td>
                  </tr>
                </tbody>
              </table>
              <ul
                className="tags-list"
              >
                <li
                  className="tag"
                >
                  Streamlined
                </li>
                <li
                  className="tag"
                >
                  motivating
                </li>
                <li
                  className="tag"
                >
                  background
                </li>
                <li
                  className="tag"
                >
                  radical
                </li>
                <li
                  className="tag"
                >
                  Configurable
                </li>
              </ul>
            </div>
          </div>
        </div>
        <div
          className="mb-3 col-lg-4 col-md-6 col-sm-12 col-12"
        >
          <div
            className="card"
          >
            <div
              className="card-body"
            >
              <div
                className="card-title h5"
              >
                <strong
                  className="mr-1"
                >
                  Caleb
                </strong>
              </div>
              <table
                className="guest-info-table"
              >
                <tbody>
                  <col
                    width="40%"
                  />
                   
                  <col
                    width="60%"
                  />
                  <tr>
                    <td>
                      Email
                    </td>
                    <td
                      className="pl-2"
                    >
                      cwestreyi@shop-pro.jp
                    </td>
                  </tr>
                  <tr>
                    <td>
                      Visit count
                    </td>
                    <td
                      className="pl-2"
                    >
                      18
                    </td>
                  </tr>
                  <tr>
                    <td>
                      Total spend
                    </td>
                    <td
                      className="pl-2"
                    >
                      52.45
                    </td>
                  </tr>
                </tbody>
              </table>
              <ul
                className="tags-list"
              >
                <li
                  className="tag"
                >
                  human-resource
                </li>
                <li
                  className="tag"
                >
                  Optional
                </li>
                <li
                  className="tag"
                >
                  approach
                </li>
                <li
                  className="tag"
                >
                  knowledge user
                </li>
                <li
                  className="tag"
                >
                  Graphic Interface
                </li>
              </ul>
            </div>
          </div>
        </div>
        <div
          className="mb-3 col-lg-4 col-md-6 col-sm-12 col-12"
        >
          <div
            className="card"
          >
            <div
              className="card-body"
            >
              <div
                className="card-title h5"
              >
                <strong
                  className="mr-1"
                >
                  Elka
                </strong>
                Vials
              </div>
              <table
                className="guest-info-table"
              >
                <tbody>
                  <col
                    width="40%"
                  />
                   
                  <col
                    width="60%"
                  />
                  <tr>
                    <td>
                      Email
                    </td>
                    <td
                      className="pl-2"
                    >
                      evials3@mtv.com
                    </td>
                  </tr>
                  <tr>
                    <td>
                      City
                    </td>
                    <td
                      className="pl-2"
                    >
                      Karangbenda
                    </td>
                  </tr>
                  <tr>
                    <td>
                      Visit count
                    </td>
                    <td
                      className="pl-2"
                    >
                      16
                    </td>
                  </tr>
                  <tr>
                    <td>
                      Total spend
                    </td>
                    <td
                      className="pl-2"
                    >
                      196.73
                    </td>
                  </tr>
                </tbody>
              </table>
              <ul
                className="tags-list"
              />
            </div>
          </div>
        </div>
        <div
          className="mb-3 col-lg-4 col-md-6 col-sm-12 col-12"
        >
          <div
            className="card"
          >
            <div
              className="card-body"
            >
              <div
                className="card-title h5"
              >
                <strong
                  className="mr-1"
                >
                  Orella
                </strong>
                Richarson
              </div>
              <table
                className="guest-info-table"
              >
                <tbody>
                  <col
                    width="40%"
                  />
                   
                  <col
                    width="60%"
                  />
                  <tr>
                    <td>
                      Email
                    </td>
                    <td
                      className="pl-2"
                    >
                      oricharsona@google.com.hk
                    </td>
                  </tr>
                  <tr>
                    <td>
                      City
                    </td>
                    <td
                      className="pl-2"
                    >
                      Whitehorse
                    </td>
                  </tr>
                  <tr>
                    <td>
                      Visit count
                    </td>
                    <td
                      className="pl-2"
                    >
                      16
                    </td>
                  </tr>
                  <tr>
                    <td>
                      Total spend
                    </td>
                    <td
                      className="pl-2"
                    >
                      183.33
                    </td>
                  </tr>
                </tbody>
              </table>
              <ul
                className="tags-list"
              />
            </div>
          </div>
        </div>
        <div
          className="mb-3 col-lg-4 col-md-6 col-sm-12 col-12"
        >
          <div
            className="card"
          >
            <div
              className="card-body"
            >
              <div
                className="card-title h5"
              >
                <strong
                  className="mr-1"
                >
                  Alistair
                </strong>
              </div>
              <table
                className="guest-info-table"
              >
                <tbody>
                  <col
                    width="40%"
                  />
                   
                  <col
                    width="60%"
                  />
                  <tr>
                    <td>
                      Email
                    </td>
                    <td
                      className="pl-2"
                    >
                      aminerl@foxnews.com
                    </td>
                  </tr>
                  <tr>
                    <td>
                      Visit count
                    </td>
                    <td
                      className="pl-2"
                    >
                      16
                    </td>
                  </tr>
                  <tr>
                    <td>
                      Total spend
                    </td>
                    <td
                      className="pl-2"
                    >
                      11.5
                    </td>
                  </tr>
                </tbody>
              </table>
              <ul
                className="tags-list"
              >
                <li
                  className="tag"
                >
                  regional
                </li>
                <li
                  className="tag"
                >
                  protocol
                </li>
                <li
                  className="tag"
                >
                  bifurcated
                </li>
                <li
                  className="tag"
                >
                  Automated
                </li>
                <li
                  className="tag"
                >
                  core
                </li>
              </ul>
            </div>
          </div>
        </div>
        <div
          className="mb-3 col-lg-4 col-md-6 col-sm-12 col-12"
        >
          <div
            className="card"
          >
            <div
              className="card-body"
            >
              <div
                className="card-title h5"
              >
                <strong
                  className="mr-1"
                >
                  Silvester
                </strong>
                Poacher
              </div>
              <table
                className="guest-info-table"
              >
                <tbody>
                  <col
                    width="40%"
                  />
                   
                  <col
                    width="60%"
                  />
                  <tr>
                    <td>
                      Email
                    </td>
                    <td
                      className="pl-2"
                    >
                      spoacherm@va.gov
                    </td>
                  </tr>
                  <tr>
                    <td>
                      City
                    </td>
                    <td
                      className="pl-2"
                    >
                      Babat
                    </td>
                  </tr>
                  <tr>
                    <td>
                      Visit count
                    </td>
                    <td
                      className="pl-2"
                    >
                      16
                    </td>
                  </tr>
                  <tr>
                    <td>
                      Total spend
                    </td>
                    <td
                      className="pl-2"
                    >
                      49
                    </td>
                  </tr>
                </tbody>
              </table>
              <ul
                className="tags-list"
              >
                <li
                  className="tag"
                >
                  Triple-buffered
                </li>
                <li
                  className="tag"
                >
                  throughput
                </li>
                <li
                  className="tag"
                >
                  Adaptive
                </li>
                <li
                  className="tag"
                >
                  focus group
                </li>
                <li
                  className="tag"
                >
                  time-frame
                </li>
              </ul>
            </div>
          </div>
        </div>
        <div
          className="mb-3 col-lg-4 col-md-6 col-sm-12 col-12"
        >
          <div
            className="card"
          >
            <div
              className="card-body"
            >
              <div
                className="card-title h5"
              >
                <strong
                  className="mr-1"
                >
                  Emmerich
                </strong>
                Cure
              </div>
              <table
                className="guest-info-table"
              >
                <tbody>
                  <col
                    width="40%"
                  />
                   
                  <col
                    width="60%"
                  />
                  <tr>
                    <td>
                      Email
                    </td>
                    <td
                      className="pl-2"
                    >
                      ecuren@squidoo.com
                    </td>
                  </tr>
                  <tr>
                    <td>
                      City
                    </td>
                    <td
                      className="pl-2"
                    >
                      Ivano-Frankove
                    </td>
                  </tr>
                  <tr>
                    <td>
                      Visit count
                    </td>
                    <td
                      className="pl-2"
                    >
                      16
                    </td>
                  </tr>
                  <tr>
                    <td>
                      Total spend
                    </td>
                    <td
                      className="pl-2"
                    >
                      114.04
                    </td>
                  </tr>
                  <tr>
                    <td>
                      Allow marketing
                    </td>
                    <td
                      className="pl-2"
                    >
                      true
                    </td>
                  </tr>
                </tbody>
              </table>
              <ul
                className="tags-list"
              >
                <li
                  className="tag"
                >
                  Customer-focused
                </li>
                <li
                  className="tag"
                >
                  actuating
                </li>
                <li
                  className="tag"
                >
                  Operative
                </li>
                <li
                  className="tag"
                >
                  Managed
                </li>
                <li
                  className="tag"
                >
                  bifurcated
                </li>
              </ul>
            </div>
          </div>
        </div>
        <div
          className="mb-3 col-lg-4 col-md-6 col-sm-12 col-12"
        >
          <div
            className="card"
          >
            <div
              className="card-body"
            >
              <div
                className="card-title h5"
              >
                <strong
                  className="mr-1"
                >
                  Claudina
                </strong>
              </div>
              <table
                className="guest-info-table"
              >
                <tbody>
                  <col
                    width="40%"
                  />
                   
                  <col
                    width="60%"
                  />
                  <tr>
                    <td>
                      Email
                    </td>
                    <td
                      className="pl-2"
                    >
                      cdunhillc@friendfeed.com
                    </td>
                  </tr>
                  <tr>
                    <td>
                      Visit count
                    </td>
                    <td
                      className="pl-2"
                    >
                      15
                    </td>
                  </tr>
                  <tr>
                    <td>
                      Total spend
                    </td>
                    <td
                      className="pl-2"
                    >
                      132.26
                    </td>
                  </tr>
                  <tr>
                    <td>
                      Allow marketing
                    </td>
                    <td
                      className="pl-2"
                    >
                      true
                    </td>
                  </tr>
                </tbody>
              </table>
              <ul
                className="tags-list"
              >
                <li
                  className="tag"
                >
                  Visionary
                </li>
                <li
                  className="tag"
                >
                  Open-source
                </li>
                <li
                  className="tag"
                >
                  functionalities
                </li>
                <li
                  className="tag"
                >
                  intermediate
                </li>
                <li
                  className="tag"
                >
                  well-modulated
                </li>
              </ul>
            </div>
          </div>
        </div>
        <div
          className="mb-3 col-lg-4 col-md-6 col-sm-12 col-12"
        >
          <div
            className="card"
          >
            <div
              className="card-body"
            >
              <div
                className="card-title h5"
              >
                <strong
                  className="mr-1"
                >
                  Nefen
                </strong>
                Girtin
              </div>
              <table
                className="guest-info-table"
              >
                <tbody>
                  <col
                    width="40%"
                  />
                   
                  <col
                    width="60%"
                  />
                  <tr>
                    <td>
                      Email
                    </td>
                    <td
                      className="pl-2"
                    >
                      ngirtine@indiegogo.com
                    </td>
                  </tr>
                  <tr>
                    <td>
                      City
                    </td>
                    <td
                      className="pl-2"
                    >
                      Pom Prap Sattru Phai
                    </td>
                  </tr>
                  <tr>
                    <td>
                      Visit count
                    </td>
                    <td
                      className="pl-2"
                    >
                      15
                    </td>
                  </tr>
                  <tr>
                    <td>
                      Total spend
                    </td>
                    <td
                      className="pl-2"
                    >
                      37.87
                    </td>
                  </tr>
                </tbody>
              </table>
              <ul
                className="tags-list"
              >
                <li
                  className="tag"
                >
                  extranet
                </li>
                <li
                  className="tag"
                >
                  Innovative
                </li>
                <li
                  className="tag"
                >
                  software
                </li>
                <li
                  className="tag"
                >
                  Optimized
                </li>
                <li
                  className="tag"
                >
                  Front-line
                </li>
              </ul>
            </div>
          </div>
        </div>
        <div
          className="mb-3 col-lg-4 col-md-6 col-sm-12 col-12"
        >
          <div
            className="card"
          >
            <div
              className="card-body"
            >
              <div
                className="card-title h5"
              >
                <strong
                  className="mr-1"
                >
                  Nappy
                </strong>
                Prate
              </div>
              <table
                className="guest-info-table"
              >
                <tbody>
                  <col
                    width="40%"
                  />
                   
                  <col
                    width="60%"
                  />
                  <tr>
                    <td>
                      Email
                    </td>
                    <td
                      className="pl-2"
                    >
                      nprate2@g.co
                    </td>
                  </tr>
                  <tr>
                    <td>
                      City
                    </td>
                    <td
                      className="pl-2"
                    >
                      Funza
                    </td>
                  </tr>
                  <tr>
                    <td>
                      Visit count
                    </td>
                    <td
                      className="pl-2"
                    >
                      14
                    </td>
                  </tr>
                  <tr>
                    <td>
                      Total spend
                    </td>
                    <td
                      className="pl-2"
                    >
                      153.27
                    </td>
                  </tr>
                </tbody>
              </table>
              <ul
                className="tags-list"
              >
                <li
                  className="tag"
                >
                  client-driven
                </li>
                <li
                  className="tag"
                >
                  encompassing
                </li>
                <li
                  className="tag"
                >
                  Vision-oriented
                </li>
                <li
                  className="tag"
                >
                  6th generation
                </li>
                <li
                  className="tag"
                >
                  Down-sized
                </li>
              </ul>
            </div>
          </div>
        </div>
        <div
          className="mb-3 col-lg-4 col-md-6 col-sm-12 col-12"
        >
          <div
            className="card"
          >
            <div
              className="card-body"
            >
              <div
                className="card-title h5"
              >
                <strong
                  className="mr-1"
                >
                  Ardenia
                </strong>
              </div>
              <table
                className="guest-info-table"
              >
                <tbody>
                  <col
                    width="40%"
                  />
                   
                  <col
                    width="60%"
                  />
                  <tr>
                    <td>
                      Email
                    </td>
                    <td
                      className="pl-2"
                    >
                      abaford5@cloudflare.com
                    </td>
                  </tr>
                  <tr>
                    <td>
                      Visit count
                    </td>
                    <td
                      className="pl-2"
                    >
                      14
                    </td>
                  </tr>
                  <tr>
                    <td>
                      Total spend
                    </td>
                    <td
                      className="pl-2"
                    >
                      41.37
                    </td>
                  </tr>
                  <tr>
                    <td>
                      Allow marketing
                    </td>
                    <td
                      className="pl-2"
                    >
                      true
                    </td>
                  </tr>
                </tbody>
              </table>
              <ul
                className="tags-list"
              >
                <li
                  className="tag"
                >
                  Streamlined
                </li>
                <li
                  className="tag"
                >
                  function
                </li>
                <li
                  className="tag"
                >
                  algorithm
                </li>
                <li
                  className="tag"
                >
                  frame
                </li>
                <li
                  className="tag"
                >
                  support
                </li>
              </ul>
            </div>
          </div>
        </div>
        <div
          className="mb-3 col-lg-4 col-md-6 col-sm-12 col-12"
        >
          <div
            className="card"
          >
            <div
              className="card-body"
            >
              <div
                className="card-title h5"
              >
                <strong
                  className="mr-1"
                >
                  Goran
                </strong>
                Sorley
              </div>
              <table
                className="guest-info-table"
              >
                <tbody>
                  <col
                    width="40%"
                  />
                   
                  <col
                    width="60%"
                  />
                  <tr>
                    <td>
                      Email
                    </td>
                    <td
                      className="pl-2"
                    >
                      gsorleyh@jiathis.com
                    </td>
                  </tr>
                  <tr>
                    <td>
                      City
                    </td>
                    <td
                      className="pl-2"
                    >
                      Wukari
                    </td>
                  </tr>
                  <tr>
                    <td>
                      Visit count
                    </td>
                    <td
                      className="pl-2"
                    >
                      14
                    </td>
                  </tr>
                  <tr>
                    <td>
                      Total spend
                    </td>
                    <td
                      className="pl-2"
                    >
                      54.27
                    </td>
                  </tr>
                </tbody>
              </table>
              <ul
                className="tags-list"
              >
                <li
                  className="tag"
                >
                  Phased
                </li>
                <li
                  className="tag"
                >
                  real-time
                </li>
                <li
                  className="tag"
                >
                  Total
                </li>
                <li
                  className="tag"
                >
                  concept
                </li>
                <li
                  className="tag"
                >
                  local
                </li>
              </ul>
            </div>
          </div>
        </div>
        <div
          className="mb-3 col-lg-4 col-md-6 col-sm-12 col-12"
        >
          <div
            className="card"
          >
            <div
              className="card-body"
            >
              <div
                className="card-title h5"
              >
                <strong
                  className="mr-1"
                >
                  Grady
                </strong>
                Pauletti
              </div>
              <table
                className="guest-info-table"
              >
                <tbody>
                  <col
                    width="40%"
                  />
                   
                  <col
                    width="60%"
                  />
                  <tr>
                    <td>
                      Email
                    </td>
                    <td
                      className="pl-2"
                    >
                      gpaulettio@merriam-webster.com
                    </td>
                  </tr>
                  <tr>
                    <td>
                      City
                    </td>
                    <td
                      className="pl-2"
                    >
                      Xiaoyue
                    </td>
                  </tr>
                  <tr>
                    <td>
                      Visit count
                    </td>
                    <td
                      className="pl-2"
                    >
                      11
                    </td>
                  </tr>
                  <tr>
                    <td>
                      Total spend
                    </td>
                    <td
                      className="pl-2"
                    >
                      170.15
                    </td>
                  </tr>
                  <tr>
                    <td>
                      Allow marketing
                    </td>
                    <td
                      className="pl-2"
                    >
                      true
                    </td>
                  </tr>
                </tbody>
              </table>
              <ul
                className="tags-list"
              >
                <li
                  className="tag"
                >
                  logistical
                </li>
                <li
                  className="tag"
                >
                  object-oriented
                </li>
                <li
                  className="tag"
                >
                  holistic
                </li>
                <li
                  className="tag"
                >
                  Universal
                </li>
                <li
                  className="tag"
                >
                  collaboration
                </li>
              </ul>
            </div>
          </div>
        </div>
        <div
          className="mb-3 col-lg-4 col-md-6 col-sm-12 col-12"
        >
          <div
            className="card"
          >
            <div
              className="card-body"
            >
              <div
                className="card-title h5"
              >
                <strong
                  className="mr-1"
                >
                  Malva
                </strong>
                Denekamp
              </div>
              <table
                className="guest-info-table"
              >
                <tbody>
                  <col
                    width="40%"
                  />
                   
                  <col
                    width="60%"
                  />
                  <tr>
                    <td>
                      Email
                    </td>
                    <td
                      className="pl-2"
                    >
                      mdenekamp4@tinyurl.com
                    </td>
                  </tr>
                  <tr>
                    <td>
                      City
                    </td>
                    <td
                      className="pl-2"
                    >
                      Tilburg
                    </td>
                  </tr>
                  <tr>
                    <td>
                      Visit count
                    </td>
                    <td
                      className="pl-2"
                    >
                      9
                    </td>
                  </tr>
                  <tr>
                    <td>
                      Total spend
                    </td>
                    <td
                      className="pl-2"
                    >
                      155.93
                    </td>
                  </tr>
                  <tr>
                    <td>
                      Allow marketing
                    </td>
                    <td
                      className="pl-2"
                    >
                      true
                    </td>
                  </tr>
                </tbody>
              </table>
              <ul
                className="tags-list"
              />
            </div>
          </div>
        </div>
        <div
          className="mb-3 col-lg-4 col-md-6 col-sm-12 col-12"
        >
          <div
            className="card"
          >
            <div
              className="card-body"
            >
              <div
                className="card-title h5"
              >
                <strong
                  className="mr-1"
                >
                  Vergil
                </strong>
                Arnaez
              </div>
              <table
                className="guest-info-table"
              >
                <tbody>
                  <col
                    width="40%"
                  />
                   
                  <col
                    width="60%"
                  />
                  <tr>
                    <td>
                      Email
                    </td>
                    <td
                      className="pl-2"
                    >
                      varnaez7@businessweek.com
                    </td>
                  </tr>
                  <tr>
                    <td>
                      City
                    </td>
                    <td
                      className="pl-2"
                    >
                      Kramarzówka
                    </td>
                  </tr>
                  <tr>
                    <td>
                      Visit count
                    </td>
                    <td
                      className="pl-2"
                    >
                      9
                    </td>
                  </tr>
                  <tr>
                    <td>
                      Total spend
                    </td>
                    <td
                      className="pl-2"
                    >
                      115.93
                    </td>
                  </tr>
                  <tr>
                    <td>
                      Allow marketing
                    </td>
                    <td
                      className="pl-2"
                    >
                      true
                    </td>
                  </tr>
                </tbody>
              </table>
              <ul
                className="tags-list"
              >
                <li
                  className="tag"
                >
                  attitude-oriented
                </li>
                <li
                  className="tag"
                >
                  help-desk
                </li>
                <li
                  className="tag"
                >
                  neural-net
                </li>
                <li
                  className="tag"
                >
                  fault-tolerant
                </li>
                <li
                  className="tag"
                >
                  superstructure
                </li>
              </ul>
            </div>
          </div>
        </div>
        <div
          className="mb-3 col-lg-4 col-md-6 col-sm-12 col-12"
        >
          <div
            className="card"
          >
            <div
              className="card-body"
            >
              <div
                className="card-title h5"
              >
                <strong
                  className="mr-1"
                >
                  Hubey
                </strong>
                Grossman
              </div>
              <table
                className="guest-info-table"
              >
                <tbody>
                  <col
                    width="40%"
                  />
                   
                  <col
                    width="60%"
                  />
                  <tr>
                    <td>
                      City
                    </td>
                    <td
                      className="pl-2"
                    >
                      Huaizhong
                    </td>
                  </tr>
                  <tr>
                    <td>
                      Visit count
                    </td>
                    <td
                      className="pl-2"
                    >
                      8
                    </td>
                  </tr>
                  <tr>
                    <td>
                      Total spend
                    </td>
                    <td
                      className="pl-2"
                    >
                      120.75
                    </td>
                  </tr>
                </tbody>
              </table>
              <ul
                className="tags-list"
              />
            </div>
          </div>
        </div>
        <div
          className="mb-3 col-lg-4 col-md-6 col-sm-12 col-12"
        >
          <div
            className="card"
          >
            <div
              className="card-body"
            >
              <div
                className="card-title h5"
              >
                <strong
                  className="mr-1"
                >
                  Byrom
                </strong>
                Leggen
              </div>
              <table
                className="guest-info-table"
              >
                <tbody>
                  <col
                    width="40%"
                  />
                   
                  <col
                    width="60%"
                  />
                  <tr>
                    <td>
                      City
                    </td>
                    <td
                      className="pl-2"
                    >
                      Chat Trakan
                    </td>
                  </tr>
                  <tr>
                    <td>
                      Visit count
                    </td>
                    <td
                      className="pl-2"
                    >
                      7
                    </td>
                  </tr>
                  <tr>
                    <td>
                      Total spend
                    </td>
                    <td
                      className="pl-2"
                    >
                      137.71
                    </td>
                  </tr>
                  <tr>
                    <td>
                      Allow marketing
                    </td>
                    <td
                      className="pl-2"
                    >
                      true
                    </td>
                  </tr>
                </tbody>
              </table>
              <ul
                className="tags-list"
              >
                <li
                  className="tag"
                >
                  protocol
                </li>
                <li
                  className="tag"
                >
                  migration
                </li>
                <li
                  className="tag"
                >
                  executive
                </li>
                <li
                  className="tag"
                >
                  Down-sized
                </li>
                <li
                  className="tag"
                >
                  Proactive
                </li>
              </ul>
            </div>
          </div>
        </div>
        <div
          className="mb-3 col-lg-4 col-md-6 col-sm-12 col-12"
        >
          <div
            className="card"
          >
            <div
              className="card-body"
            >
              <div
                className="card-title h5"
              >
                <strong
                  className="mr-1"
                >
                  Mildrid
                </strong>
                Rubke
              </div>
              <table
                className="guest-info-table"
              >
                <tbody>
                  <col
                    width="40%"
                  />
                   
                  <col
                    width="60%"
                  />
                  <tr>
                    <td>
                      Email
                    </td>
                    <td
                      className="pl-2"
                    >
                      mrubke8@ebay.co.uk
                    </td>
                  </tr>
                  <tr>
                    <td>
                      City
                    </td>
                    <td
                      className="pl-2"
                    >
                      Shuangzhong
                    </td>
                  </tr>
                  <tr>
                    <td>
                      Visit count
                    </td>
                    <td
                      className="pl-2"
                    >
                      6
                    </td>
                  </tr>
                  <tr>
                    <td>
                      Total spend
                    </td>
                    <td
                      className="pl-2"
                    >
                      24.96
                    </td>
                  </tr>
                  <tr>
                    <td>
                      Allow marketing
                    </td>
                    <td
                      className="pl-2"
                    >
                      true
                    </td>
                  </tr>
                </tbody>
              </table>
              <ul
                className="tags-list"
              >
                <li
                  className="tag"
                >
                  Cloned
                </li>
                <li
                  className="tag"
                >
                  functionalities
                </li>
                <li
                  className="tag"
                >
                  client-server
                </li>
                <li
                  className="tag"
                >
                  encompassing
                </li>
                <li
                  className="tag"
                >
                  framework
                </li>
              </ul>
            </div>
          </div>
        </div>
        <div
          className="mb-3 col-lg-4 col-md-6 col-sm-12 col-12"
        >
          <div
            className="card"
          >
            <div
              className="card-body"
            >
              <div
                className="card-title h5"
              >
                <strong
                  className="mr-1"
                >
                  Wileen
                </strong>
                Naughton
              </div>
              <table
                className="guest-info-table"
              >
                <tbody>
                  <col
                    width="40%"
                  />
                   
                  <col
                    width="60%"
                  />
                  <tr>
                    <td>
                      Email
                    </td>
                    <td
                      className="pl-2"
                    >
                      wnaughton6@blogtalkradio.com
                    </td>
                  </tr>
                  <tr>
                    <td>
                      City
                    </td>
                    <td
                      className="pl-2"
                    >
                      Cedar Rapids
                    </td>
                  </tr>
                  <tr>
                    <td>
                      Visit count
                    </td>
                    <td
                      className="pl-2"
                    >
                      4
                    </td>
                  </tr>
                  <tr>
                    <td>
                      Total spend
                    </td>
                    <td
                      className="pl-2"
                    >
                      122.07
                    </td>
                  </tr>
                  <tr>
                    <td>
                      Allow marketing
                    </td>
                    <td
                      className="pl-2"
                    >
                      true
                    </td>
                  </tr>
                </tbody>
              </table>
              <ul
                className="tags-list"
              >
                <li
                  className="tag"
                >
                  Realigned
                </li>
                <li
                  className="tag"
                >
                  mission-critical
                </li>
                <li
                  className="tag"
                >
                  De-engineered
                </li>
                <li
                  className="tag"
                >
                  optimal
                </li>
                <li
                  className="tag"
                >
                  Polarised
                </li>
              </ul>
            </div>
          </div>
        </div>
        <div
          className="mb-3 col-lg-4 col-md-6 col-sm-12 col-12"
        >
          <div
            className="card"
          >
            <div
              className="card-body"
            >
              <div
                className="card-title h5"
              >
                <strong
                  className="mr-1"
                >
                  Ronica
                </strong>
                O'Howbane
              </div>
              <table
                className="guest-info-table"
              >
                <tbody>
                  <col
                    width="40%"
                  />
                   
                  <col
                    width="60%"
                  />
                  <tr>
                    <td>
                      Email
                    </td>
                    <td
                      className="pl-2"
                    >
                      rohowbaneg@bloglovin.com
                    </td>
                  </tr>
                  <tr>
                    <td>
                      City
                    </td>
                    <td
                      className="pl-2"
                    >
                      Zeguo
                    </td>
                  </tr>
                  <tr>
                    <td>
                      Visit count
                    </td>
                    <td
                      className="pl-2"
                    >
                      3
                    </td>
                  </tr>
                  <tr>
                    <td>
                      Total spend
                    </td>
                    <td
                      className="pl-2"
                    >
                      153.81
                    </td>
                  </tr>
                </tbody>
              </table>
              <ul
                className="tags-list"
              />
            </div>
          </div>
        </div>
        <div
          className="mb-3 col-lg-4 col-md-6 col-sm-12 col-12"
        >
          <div
            className="card"
          >
            <div
              className="card-body"
            >
              <div
                className="card-title h5"
              >
                <strong
                  className="mr-1"
                >
                  Herschel
                </strong>
              </div>
              <table
                className="guest-info-table"
              >
                <tbody>
                  <col
                    width="40%"
                  />
                   
                  <col
                    width="60%"
                  />
                  <tr>
                    <td>
                      Email
                    </td>
                    <td
                      className="pl-2"
                    >
                      hcanepej@google.com.hk
                    </td>
                  </tr>
                  <tr>
                    <td>
                      Visit count
                    </td>
                    <td
                      className="pl-2"
                    >
                      1
                    </td>
                  </tr>
                  <tr>
                    <td>
                      Total spend
                    </td>
                    <td
                      className="pl-2"
                    >
                      98.06
                    </td>
                  </tr>
                </tbody>
              </table>
              <ul
                className="tags-list"
              >
                <li
                  className="tag"
                >
                  Reverse-engineered
                </li>
                <li
                  className="tag"
                >
                  foreground
                </li>
                <li
                  className="tag"
                >
                  Proactive
                </li>
                <li
                  className="tag"
                >
                  algorithm
                </li>
                <li
                  className="tag"
                >
                  Customer-focused
                </li>
              </ul>
            </div>
          </div>
        </div>
        <div
          className="mb-3 col-lg-4 col-md-6 col-sm-12 col-12"
        >
          <div
            className="card"
          >
            <div
              className="card-body"
            >
              <div
                className="card-title h5"
              >
                <strong
                  className="mr-1"
                >
                  Price
                </strong>
                Breissan
              </div>
              <table
                className="guest-info-table"
              >
                <tbody>
                  <col
                    width="40%"
                  />
                   
                  <col
                    width="60%"
                  />
                  <tr>
                    <td>
                      Email
                    </td>
                    <td
                      className="pl-2"
                    >
                      pbreissank@mashable.com
                    </td>
                  </tr>
                  <tr>
                    <td>
                      City
                    </td>
                    <td
                      className="pl-2"
                    >
                      Maumere
                    </td>
                  </tr>
                  <tr>
                    <td>
                      Visit count
                    </td>
                    <td
                      className="pl-2"
                    >
                      1
                    </td>
                  </tr>
                  <tr>
                    <td>
                      Total spend
                    </td>
                    <td
                      className="pl-2"
                    >
                      136.83
                    </td>
                  </tr>
                </tbody>
              </table>
              <ul
                className="tags-list"
              >
                <li
                  className="tag"
                >
                  Cloned
                </li>
                <li
                  className="tag"
                >
                  hybrid
                </li>
                <li
                  className="tag"
                >
                  intranet
                </li>
                <li
                  className="tag"
                >
                  hierarchy
                </li>
                <li
                  className="tag"
                >
                  policy
                </li>
              </ul>
            </div>
          </div>
        </div>
      </div>
    </div>
  </div>
  <div
    className="footer"
  >
    <div
      className="container"
    >
      © Cafe MASA | This app was built only for demo purposes
    </div>
  </div>
</div>
`;
